EN counterbutton NULL D:/Maestria/EDA/VHDL_Maestria/Proyect1/CounterButton/CounterButton.vhd sub00/vhpl02 1658093117
AR counterbutton behavioral D:/Maestria/EDA/VHDL_Maestria/Proyect1/CounterButton/CounterButton.vhd sub00/vhpl03 1658093118
AR debounce behavioral D:/Maestria/EDA/VHDL_Maestria/Proyect1/CounterButton/Debounce.vhd sub00/vhpl01 1658093116
EN debounce NULL D:/Maestria/EDA/VHDL_Maestria/Proyect1/CounterButton/Debounce.vhd sub00/vhpl00 1658093115
