EN counterbutton NULL D:/Maestria/EDA/VHDL_Maestria/Proyect1/CounterButton/CounterButton.vhd sub00/vhpl02 1658094518
AR counterbutton behavioral D:/Maestria/EDA/VHDL_Maestria/Proyect1/CounterButton/CounterButton.vhd sub00/vhpl03 1658094519
AR debounce behavioral D:/Maestria/EDA/VHDL_Maestria/Proyect1/CounterButton/Debounce.vhd sub00/vhpl01 1658094517
EN debounce NULL D:/Maestria/EDA/VHDL_Maestria/Proyect1/CounterButton/Debounce.vhd sub00/vhpl00 1658094516
