EN counterbutton NULL D:/++EDA/VHDL_Maestria/Proyect1/CounterButton/CounterButton.vhd sub00/vhpl02 1657829974
AR counterbutton behavioral D:/++EDA/VHDL_Maestria/Proyect1/CounterButton/CounterButton.vhd sub00/vhpl03 1657829975
AR debounce behavioral D:/++EDA/VHDL_Maestria/Proyect1/CounterButton/Debounce.vhd sub00/vhpl01 1657829973
EN debounce NULL D:/++EDA/VHDL_Maestria/Proyect1/CounterButton/Debounce.vhd sub00/vhpl00 1657829972
