Release 12.4 - xst M.81d (nt)
Copyright (c) 1995-2010 Xilinx, Inc.  All rights reserved.
--> Parameter TMPDIR set to xst/projnav.tmp


Total REAL time to Xst completion: 0.00 secs
Total CPU time to Xst completion: 0.07 secs
 
--> Parameter xsthdpdir set to xst


Total REAL time to Xst completion: 0.00 secs
Total CPU time to Xst completion: 0.08 secs
 
--> Reading design: Especific_Output.prj

TABLE OF CONTENTS
  1) Synthesis Options Summary
  2) HDL Compilation
  3) Design Hierarchy Analysis
  4) HDL Analysis
  5) HDL Synthesis
     5.1) HDL Synthesis Report
  6) Advanced HDL Synthesis
     6.1) Advanced HDL Synthesis Report
  7) Low Level Synthesis
  8) Partition Report
  9) Final Report
	9.1) Device utilization summary
	9.2) Partition Resource Summary
	9.3) TIMING REPORT


=========================================================================
*                      Synthesis Options Summary                        *
=========================================================================
---- Source Parameters
Input File Name                    : "Especific_Output.prj"
Input Format                       : mixed
Ignore Synthesis Constraint File   : NO

---- Target Parameters
Output File Name                   : "Especific_Output"
Output Format                      : NGC
Target Device                      : xc3s500e-5-ft256

---- Source Options
Top Module Name                    : Especific_Output
Automatic FSM Extraction           : YES
FSM Encoding Algorithm             : Auto
Safe Implementation                : No
FSM Style                          : LUT
RAM Extraction                     : Yes
RAM Style                          : Auto
ROM Extraction                     : Yes
Mux Style                          : Auto
Decoder Extraction                 : YES
Priority Encoder Extraction        : Yes
Shift Register Extraction          : YES
Logical Shifter Extraction         : YES
XOR Collapsing                     : YES
ROM Style                          : Auto
Mux Extraction                     : Yes
Resource Sharing                   : YES
Asynchronous To Synchronous        : NO
Multiplier Style                   : Auto
Automatic Register Balancing       : No

---- Target Options
Add IO Buffers                     : YES
Global Maximum Fanout              : 500
Add Generic Clock Buffer(BUFG)     : 24
Register Duplication               : YES
Slice Packing                      : YES
Optimize Instantiated Primitives   : NO
Use Clock Enable                   : Yes
Use Synchronous Set                : Yes
Use Synchronous Reset              : Yes
Pack IO Registers into IOBs        : Auto
Equivalent register Removal        : YES

---- General Options
Optimization Goal                  : Speed
Optimization Effort                : 1
Keep Hierarchy                     : No
Netlist Hierarchy                  : As_Optimized
RTL Output                         : Yes
Global Optimization                : AllClockNets
Read Cores                         : YES
Write Timing Constraints           : NO
Cross Clock Analysis               : NO
Hierarchy Separator                : /
Bus Delimiter                      : <>
Case Specifier                     : Maintain
Slice Utilization Ratio            : 100
BRAM Utilization Ratio             : 100
Verilog 2001                       : YES
Auto BRAM Packing                  : NO
Slice Utilization Ratio Delta      : 5

---- Other Options
Cores Search Directories           : {"ipcore_dir"  }

=========================================================================


=========================================================================
*                          HDL Compilation                              *
=========================================================================
Compiling vhdl file "D:/Maestria/EDA/VHDL_Maestria/Proyect1/Especific_Output/ipcore_dir/counter.vhd" in Library work.
Architecture counter_a of Entity counter is up to date.
Compiling vhdl file "D:/Maestria/EDA/VHDL_Maestria/Proyect1/Especific_Output/Especific_Output.vhd" in Library work.
Entity <especific_output> compiled.
Entity <especific_output> (Architecture <behavioral>) compiled.

=========================================================================
*                     Design Hierarchy Analysis                         *
=========================================================================
Analyzing hierarchy for entity <Especific_Output> in library <work> (architecture <behavioral>).


=========================================================================
*                            HDL Analysis                               *
=========================================================================
Analyzing Entity <Especific_Output> in library <work> (Architecture <behavioral>).
WARNING:Xst:753 - "D:/Maestria/EDA/VHDL_Maestria/Proyect1/Especific_Output/Especific_Output.vhd" line 54: Unconnected output port 'q' of component 'counter'.
WARNING:Xst:2211 - "D:/Maestria/EDA/VHDL_Maestria/Proyect1/Especific_Output/Especific_Output.vhd" line 54: Instantiating black box module <counter>.
Entity <Especific_Output> analyzed. Unit <Especific_Output> generated.


=========================================================================
*                           HDL Synthesis                               *
=========================================================================

Performing bidirectional port resolution...

Synthesizing Unit <Especific_Output>.
    Related source file is "D:/Maestria/EDA/VHDL_Maestria/Proyect1/Especific_Output/Especific_Output.vhd".
    Found 1-bit register for signal <OUT_X>.
    Found 8-bit up counter for signal <accumulate_out>.
    Summary:
	inferred   1 Counter(s).
	inferred   1 D-type flip-flop(s).
Unit <Especific_Output> synthesized.


=========================================================================
HDL Synthesis Report

Macro Statistics
# Counters                                             : 1
 8-bit up counter                                      : 1
# Registers                                            : 1
 1-bit register                                        : 1

=========================================================================

=========================================================================
*                       Advanced HDL Synthesis                          *
=========================================================================

Reading core <ipcore_dir/counter.ngc>.
Loading core <counter> for timing and area information for instance <counter_10ms>.

=========================================================================
Advanced HDL Synthesis Report

Macro Statistics
# Counters                                             : 1
 8-bit up counter                                      : 1
# Registers                                            : 1
 Flip-Flops                                            : 1

=========================================================================

=========================================================================
*                         Low Level Synthesis                           *
=========================================================================

Optimizing unit <Especific_Output> ...

Mapping all equations...
Building and optimizing final netlist ...
Found area constraint ratio of 100 (+ 5) on block Especific_Output, actual ratio is 0.

Final Macro Processing ...

=========================================================================
Final Register Report

Macro Statistics
# Registers                                            : 9
 Flip-Flops                                            : 9

=========================================================================

=========================================================================
*                           Partition Report                            *
=========================================================================

Partition Implementation Status
-------------------------------

  No Partitions were found in this design.

-------------------------------

=========================================================================
*                            Final Report                               *
=========================================================================
Final Results
RTL Top Level Output File Name     : Especific_Output.ngr
Top Level Output File Name         : Especific_Output
Output Format                      : NGC
Optimization Goal                  : Speed
Keep Hierarchy                     : No

Design Statistics
# IOs                              : 4

Cell Usage :
# BELS                             : 104
#      GND                         : 2
#      INV                         : 2
#      LUT1                        : 16
#      LUT2                        : 11
#      LUT3                        : 2
#      LUT4                        : 6
#      LUT4_L                      : 2
#      MUXCY                       : 33
#      VCC                         : 2
#      XORCY                       : 28
# FlipFlops/Latches                : 42
#      FDE                         : 33
#      FDRE                        : 8
#      FDRS                        : 1
# Clock Buffers                    : 1
#      BUFGP                       : 1
# IO Buffers                       : 3
#      IBUF                        : 1
#      OBUF                        : 2
=========================================================================

Device utilization summary:
---------------------------

Selected Device : 3s500eft256-5 

 Number of Slices:                       29  out of   4656     0%  
 Number of Slice Flip Flops:             42  out of   9312     0%  
 Number of 4 input LUTs:                 39  out of   9312     0%  
 Number of IOs:                           4
 Number of bonded IOBs:                   4  out of    190     2%  
 Number of GCLKs:                         1  out of     24     4%  

---------------------------
Partition Resource Summary:
---------------------------

  No Partitions were found in this design.

---------------------------


=========================================================================
TIMING REPORT

NOTE: THESE TIMING NUMBERS ARE ONLY A SYNTHESIS ESTIMATE.
      FOR ACCURATE TIMING INFORMATION PLEASE REFER TO THE TRACE REPORT
      GENERATED AFTER PLACE-and-ROUTE.

Clock Information:
------------------
-----------------------------------+------------------------+-------+
Clock Signal                       | Clock buffer(FF name)  | Load  |
-----------------------------------+------------------------+-------+
CLK                                | BUFGP                  | 42    |
-----------------------------------+------------------------+-------+

Asynchronous Control Signals Information:
----------------------------------------
No asynchronous control signals found in this design

Timing Summary:
---------------
Speed Grade: -5

   Minimum period: 3.871ns (Maximum Frequency: 258.338MHz)
   Minimum input arrival time before clock: 2.598ns
   Maximum output required time after clock: 6.371ns
   Maximum combinational path delay: No path found

Timing Detail:
--------------
All values displayed in nanoseconds (ns)

=========================================================================
Timing constraint: Default period analysis for Clock 'CLK'
  Clock period: 3.871ns (frequency: 258.338MHz)
  Total number of paths / destination ports: 451 / 50
-------------------------------------------------------------------------
Delay:               3.871ns (Levels of Logic = 2)
  Source:            accumulate_out_1 (FF)
  Destination:       OUT_X (FF)
  Source Clock:      CLK rising
  Destination Clock: CLK rising

  Data Path: accumulate_out_1 to OUT_X
                                Gate     Net
    Cell:in->out      fanout   Delay   Delay  Logical Name (Net Name)
    ----------------------------------------  ------------
     FDRE:C->Q             2   0.514   0.532  accumulate_out_1 (accumulate_out_1)
     LUT3:I0->O            2   0.612   0.449  OUT_X_and00001 (OUT_X_and0000)
     LUT3:I1->O            1   0.612   0.357  OUT_X_mux000062 (OUT_X_mux000062)
     FDRS:S                    0.795          OUT_X
    ----------------------------------------
    Total                      3.871ns (2.533ns logic, 1.338ns route)
                                       (65.4% logic, 34.6% route)

=========================================================================
Timing constraint: Default OFFSET IN BEFORE for Clock 'CLK'
  Total number of paths / destination ports: 9 / 9
-------------------------------------------------------------------------
Offset:              2.598ns (Levels of Logic = 1)
  Source:            RESET (PAD)
  Destination:       accumulate_out_0 (FF)
  Destination Clock: CLK rising

  Data Path: RESET to accumulate_out_0
                                Gate     Net
    Cell:in->out      fanout   Delay   Delay  Logical Name (Net Name)
    ----------------------------------------  ------------
     IBUF:I->O             9   1.106   0.697  RESET_IBUF (RESET_IBUF)
     FDRE:R                    0.795          accumulate_out_0
    ----------------------------------------
    Total                      2.598ns (1.901ns logic, 0.697ns route)
                                       (73.2% logic, 26.8% route)

=========================================================================
Timing constraint: Default OFFSET OUT AFTER for Clock 'CLK'
  Total number of paths / destination ports: 21 / 2
-------------------------------------------------------------------------
Offset:              6.371ns (Levels of Logic = 8)
  Source:            counter_10ms/BU2/U0/i_baseip.i_xbip_counter/i_fabric.i_fab/i_seg[2].i_sum_reg/first_q_7 (FF)
  Destination:       TRH (PAD)
  Source Clock:      CLK rising

  Data Path: counter_10ms/BU2/U0/i_baseip.i_xbip_counter/i_fabric.i_fab/i_seg[2].i_sum_reg/first_q_7 to TRH
                                Gate     Net
    Cell:in->out      fanout   Delay   Delay  Logical Name (Net Name)
    ----------------------------------------  ------------
     FDE:C->Q              2   0.514   0.532  U0/i_baseip.i_xbip_counter/i_fabric.i_fab/i_seg[2].i_sum_reg/first_q_7 (q(17))
     LUT4:I0->O            1   0.612   0.000  U0/i_baseip.i_xbip_counter/i_thresh_detect.i_norm.i_gate/tier_gen[1].i_tier/loop_tiles[0].i_tile/lut_o_4_not00001 (U0/i_baseip.i_xbip_counter/i_thresh_detect.i_norm.i_gate/tier_gen[1].i_tier/loop_tiles[0].i_tile/lut_o<4>)
     MUXCY:S->O            1   0.404   0.000  U0/i_baseip.i_xbip_counter/i_thresh_detect.i_norm.i_gate/tier_gen[1].i_tier/loop_tiles[0].i_tile/opt_carry_tile.and_or.carry_muxs[4].i_mux (U0/i_baseip.i_xbip_counter/i_thresh_detect.i_norm.i_gate/tier_gen[1].i_tier/loop_tiles[0].i_tile/async_o<4>)
     MUXCY:CI->O           1   0.051   0.000  U0/i_baseip.i_xbip_counter/i_thresh_detect.i_norm.i_gate/tier_gen[1].i_tier/loop_tiles[0].i_tile/opt_carry_tile.and_or.carry_muxs[3].i_mux (U0/i_baseip.i_xbip_counter/i_thresh_detect.i_norm.i_gate/tier_gen[1].i_tier/loop_tiles[0].i_tile/async_o<3>)
     MUXCY:CI->O           1   0.051   0.000  U0/i_baseip.i_xbip_counter/i_thresh_detect.i_norm.i_gate/tier_gen[1].i_tier/loop_tiles[0].i_tile/opt_carry_tile.and_or.carry_muxs[2].i_mux (U0/i_baseip.i_xbip_counter/i_thresh_detect.i_norm.i_gate/tier_gen[1].i_tier/loop_tiles[0].i_tile/async_o<2>)
     MUXCY:CI->O           1   0.051   0.000  U0/i_baseip.i_xbip_counter/i_thresh_detect.i_norm.i_gate/tier_gen[1].i_tier/loop_tiles[0].i_tile/opt_carry_tile.and_or.carry_muxs[1].i_mux (U0/i_baseip.i_xbip_counter/i_thresh_detect.i_norm.i_gate/tier_gen[1].i_tier/loop_tiles[0].i_tile/async_o<1>)
     MUXCY:CI->O           9   0.289   0.697  U0/i_baseip.i_xbip_counter/i_thresh_detect.i_norm.i_gate/tier_gen[1].i_tier/loop_tiles[0].i_tile/opt_carry_tile.and_or.carry_muxs[0].i_mux (thresh0)
     end scope: 'BU2'
     end scope: 'counter_10ms'
     OBUF:I->O                 3.169          TRH_OBUF (TRH)
    ----------------------------------------
    Total                      6.371ns (5.142ns logic, 1.229ns route)
                                       (80.7% logic, 19.3% route)

=========================================================================


Total REAL time to Xst completion: 2.00 secs
Total CPU time to Xst completion: 2.35 secs
 
--> 

Total memory usage is 215592 kilobytes

Number of errors   :    0 (   0 filtered)
Number of warnings :    2 (   0 filtered)
Number of infos    :    0 (   0 filtered)

